| oldstyleuserdefined.js:3:18:3:49 | cds.ser ... n(){ }) |
