| controlledcomponent.tsx:15:23:15:40 | event.target.value |  |
| functionalcomponentsetstate.tsx:7:23:7:40 | event.target.value |  |
| uncontrolledcomponent.tsx:9:24:9:41 | event.target.value |  |
