nodes
| webapp/control/xss.js:8:23:8:40 | { type: "string" } |
| webapp/control/xss.js:15:21:15:46 | value |
| webapp/control/xss.js:15:29:15:46 | oControl.getText() |
| webapp/control/xss.js:16:21:16:59 | xssSanitized |
| webapp/control/xss.js:16:36:16:59 | encodeX ... value)) |
| webapp/control/xss.js:16:46:16:58 | String(value) |
| webapp/control/xss.js:16:53:16:57 | value |
| webapp/control/xss.js:17:54:17:65 | xssSanitized |
| webapp/controller/app.controller.js:9:17:9:27 | input: null |
| webapp/view/app.view.xml:5:5:7:28 | value={/input} |
| webapp/view/app.view.xml:8:5:8:38 | text={/input} |
edges
| webapp/control/xss.js:8:23:8:40 | { type: "string" } | webapp/control/xss.js:15:29:15:46 | oControl.getText() |
| webapp/control/xss.js:8:23:8:40 | { type: "string" } | webapp/controller/app.controller.js:9:17:9:27 | input: null |
| webapp/control/xss.js:15:21:15:46 | value | webapp/control/xss.js:16:53:16:57 | value |
| webapp/control/xss.js:15:29:15:46 | oControl.getText() | webapp/control/xss.js:15:21:15:46 | value |
| webapp/control/xss.js:16:21:16:59 | xssSanitized | webapp/control/xss.js:17:54:17:65 | xssSanitized |
| webapp/control/xss.js:16:36:16:59 | encodeX ... value)) | webapp/control/xss.js:16:21:16:59 | xssSanitized |
| webapp/control/xss.js:16:46:16:58 | String(value) | webapp/control/xss.js:16:36:16:59 | encodeX ... value)) |
| webapp/control/xss.js:16:53:16:57 | value | webapp/control/xss.js:16:46:16:58 | String(value) |
| webapp/controller/app.controller.js:9:17:9:27 | input: null | webapp/control/xss.js:8:23:8:40 | { type: "string" } |
| webapp/controller/app.controller.js:9:17:9:27 | input: null | webapp/view/app.view.xml:5:5:7:28 | value={/input} |
| webapp/controller/app.controller.js:9:17:9:27 | input: null | webapp/view/app.view.xml:8:5:8:38 | text={/input} |
| webapp/view/app.view.xml:5:5:7:28 | value={/input} | webapp/controller/app.controller.js:9:17:9:27 | input: null |
| webapp/view/app.view.xml:5:5:7:28 | value={/input} | webapp/controller/app.controller.js:11:26:11:45 | new JSONModel(oData) |
| webapp/view/app.view.xml:8:5:8:38 | text={/input} | webapp/controller/app.controller.js:9:17:9:27 | input: null |
#select
| webapp/control/xss.js:17:54:17:65 | xssSanitized | webapp/view/app.view.xml:5:5:7:28 | value={/input} | webapp/control/xss.js:17:54:17:65 | xssSanitized | Path or file content depends on a $@. | webapp/view/app.view.xml:5:5:7:28 | value={/input} | user-provided value |
