| delete.js:1:15:1:53 | delete.js:1 | delete.js:1:15:1:53 | DELETE. ...  "*" }) |
| delete.js:2:15:2:50 | delete.js:2 | delete.js:2:15:2:50 | DELETE. ... 1='*'") |
| delete.js:4:15:4:52 | delete.js:4 | delete.js:4:15:4:52 | DELETE. ... ", "*") |
| delete.js:6:15:6:59 | delete.js:6 | delete.js:6:15:6:59 | DELETE. ... , 10)") |
| delete.js:8:15:8:71 | delete.js:8 | delete.js:8:15:8:71 | DELETE. ... 11 } }) |
| delete.js:10:15:10:32 | delete.js:10 | delete.js:10:15:10:32 | DELETE.from(Table) |
| delete.js:10:15:10:53 | delete.js:10 | delete.js:10:15:10:53 | DELETE. ...  "*" }) |
| delete.js:11:15:11:32 | delete.js:11 | delete.js:11:15:11:32 | DELETE.from(Table) |
| delete.js:11:15:11:50 | delete.js:11 | delete.js:11:15:11:50 | DELETE. ... 1='*'") |
| delete.js:12:15:12:32 | delete.js:12 | delete.js:12:15:12:32 | DELETE.from(Table) |
| delete.js:13:15:13:32 | delete.js:13 | delete.js:13:15:13:32 | DELETE.from(Table) |
| delete.js:13:15:13:52 | delete.js:13 | delete.js:13:15:13:52 | DELETE. ... ", "*") |
| delete.js:14:15:14:32 | delete.js:14 | delete.js:14:15:14:32 | DELETE.from(Table) |
| delete.js:15:15:15:32 | delete.js:15 | delete.js:15:15:15:32 | DELETE.from(Table) |
| delete.js:15:15:15:59 | delete.js:15 | delete.js:15:15:15:59 | DELETE. ... , 10)") |
| delete.js:16:15:16:32 | delete.js:16 | delete.js:16:15:16:32 | DELETE.from(Table) |
| delete.js:17:15:17:32 | delete.js:17 | delete.js:17:15:17:32 | DELETE.from(Table) |
| delete.js:17:15:17:71 | delete.js:17 | delete.js:17:15:17:71 | DELETE. ... 11 } }) |
