| xsjslib.xsjs:1:1:4:0 | <toplevel> |
| xsjslib.xsjslib:1:1:15:2 | <toplevel> |
