nodes
| webapp/controller/app.controller.js:9:17:9:27 | input: null |
| webapp/controller/app.controller.js:9:17:9:27 | input: null |
| webapp/controller/app.controller.js:9:17:9:27 | input: null |
edges
| webapp/controller/app.controller.js:9:17:9:27 | input: null | webapp/controller/app.controller.js:9:17:9:27 | input: null |
#select
| webapp/view/app.view.xml:8:5:8:36 | /input | webapp/controller/app.controller.js:9:17:9:27 | input: null | webapp/controller/app.controller.js:9:17:9:27 | input: null | XSS vulnerability due to $@. | webapp/view/app.view.xml:5:5:7:28 | /input | user-provided value |
