| taintedclause.js:4:12:4:57 | cds.par ... rInput) |
