| sink.js:51:54:51:58 | code1 | code1 |
| sink.js:53:56:53:60 | code1 | code1 |
| sink.js:55:36:55:40 | code0 | code0 |
| sink.js:57:42:57:46 | code0 | code0 |
| sink.js:59:46:59:50 | code0 | code0 |
| sink.js:63:39:63:43 | code0 | code0 |
| sink.js:65:38:65:42 | code0 | code0 |
| sink.js:67:33:67:37 | code0 | code0 |
| sink.js:69:37:69:41 | code0 | code0 |
| sink.js:71:36:71:40 | code0 | code0 |
| sink.js:71:43:71:47 | code1 | code1 |
| sink.js:73:37:73:41 | code0 | code0 |
| sink.js:73:44:73:48 | code1 | code1 |
| sink.js:75:40:75:44 | code0 | code0 |
| sink.js:75:47:75:51 | code1 | code1 |
| sink.js:77:40:77:44 | code0 | code0 |
| sink.js:77:47:77:51 | code1 | code1 |
| sink.js:92:28:92:32 | code0 | code0 |
| sink.js:94:49:94:53 | code1 | code1 |
| sink.js:96:28:96:32 | code0 | code0 |
| sink.js:115:42:115:46 | code0 | code0 |
| sink.js:116:46:116:50 | code0 | code0 |
| sink.js:118:29:118:33 | code0 | code0 |
| sink.js:118:36:118:40 | code1 | code1 |
| sink.js:119:41:119:45 | code0 | code0 |
| sink.js:119:48:119:52 | code1 | code1 |
| sink.js:120:40:120:44 | code0 | code0 |
| sink.js:120:47:120:51 | code1 | code1 |
| sink.js:122:27:122:31 | code0 | code0 |
| sink.js:122:34:122:38 | code1 | code1 |
| sink.js:122:41:122:45 | code2 | code2 |
| sink.js:122:48:122:52 | code3 | code3 |
| sink.js:122:55:122:59 | code4 | code4 |
| sink.js:122:62:122:66 | code5 | code5 |
| sink.js:123:44:123:48 | code0 | code0 |
| sink.js:123:51:123:55 | code1 | code1 |
| sink.js:123:58:123:62 | code2 | code2 |
| sink.js:123:65:123:69 | code3 | code3 |
| sink.js:123:72:123:76 | code4 | code4 |
| sink.js:123:79:123:83 | code5 | code5 |
