nodes
| webapp/view/app.view.xml:5:5:7:28 | value={/input} |
| webapp/view/app.view.xml:8:5:8:36 | content={/input} |
edges
#select
