| npm.xsjs:3:14:3:71 | crypto. ... 1024 }) |
| npm.xsjs:5:15:5:72 | crypto. ... 4096 }) |