| {/foo/bar/baz} |
| {foo/bar/baz} |
| {model>/foo/bar/baz} |
| {model>foo/bar/baz} |
| {path : "/foo/bar/baz", type : "sap.ui.model.type.String"} |
| {path : "foo/bar/baz", type : "sap.ui.model.type.String"} |
