nodes
| webapp/control/xss.js:7:19:7:36 | { type: "string" } |
| webapp/control/xss.js:14:28:14:45 | oControl.getText() |
| webapp/control/xss.js:14:28:14:45 | oControl.getText() |
| webapp/controller/app.controller.js:9:17:9:27 | input: null |
| webapp/controller/app.controller.js:9:17:9:27 | input: null |
edges
| webapp/control/xss.js:7:19:7:36 | { type: "string" } | webapp/control/xss.js:14:28:14:45 | oControl.getText() |
| webapp/control/xss.js:7:19:7:36 | { type: "string" } | webapp/control/xss.js:14:28:14:45 | oControl.getText() |
| webapp/control/xss.js:7:19:7:36 | { type: "string" } | webapp/controller/app.controller.js:9:17:9:27 | input: null |
| webapp/controller/app.controller.js:9:17:9:27 | input: null | webapp/control/xss.js:7:19:7:36 | { type: "string" } |
| webapp/controller/app.controller.js:9:17:9:27 | input: null | webapp/control/xss.js:7:19:7:36 | { type: "string" } |
#select
| webapp/control/xss.js:14:28:14:45 | oControl.getText() | webapp/controller/app.controller.js:9:17:9:27 | input: null | webapp/control/xss.js:14:28:14:45 | oControl.getText() | XSS vulnerability due to $@. | webapp/view/app.view.xml:5:5:7:28 | /input | user-provided value |
