nodes
| webapp/control/renderer.js:8:28:8:45 | oControl.getText() |
| webapp/control/renderer.js:8:28:8:45 | oControl.getText() |
| webapp/control/xss.js:7:23:7:40 | { type: "string" } |
| webapp/controller/app.controller.js:9:17:9:27 | input: null |
| webapp/controller/app.controller.js:9:17:9:27 | input: null |
| webapp/view/app.view.xml:5:5:7:28 | value={/input} |
| webapp/view/app.view.xml:8:5:8:38 | text={/input} |
edges
| webapp/control/xss.js:7:23:7:40 | { type: "string" } | webapp/control/renderer.js:8:28:8:45 | oControl.getText() |
| webapp/control/xss.js:7:23:7:40 | { type: "string" } | webapp/control/renderer.js:8:28:8:45 | oControl.getText() |
| webapp/control/xss.js:7:23:7:40 | { type: "string" } | webapp/controller/app.controller.js:9:17:9:27 | input: null |
| webapp/controller/app.controller.js:9:17:9:27 | input: null | webapp/control/xss.js:7:23:7:40 | { type: "string" } |
| webapp/controller/app.controller.js:9:17:9:27 | input: null | webapp/control/xss.js:7:23:7:40 | { type: "string" } |
| webapp/view/app.view.xml:5:5:7:28 | value={/input} | webapp/controller/app.controller.js:9:17:9:27 | input: null |
| webapp/view/app.view.xml:5:5:7:28 | value={/input} | webapp/controller/app.controller.js:9:17:9:27 | input: null |
#select
| webapp/control/renderer.js:8:28:8:45 | oControl.getText() | webapp/view/app.view.xml:5:5:7:28 | value={/input} | webapp/control/renderer.js:8:28:8:45 | oControl.getText() | XSS vulnerability due to $@. | webapp/view/app.view.xml:5:5:7:28 | value={/input} | user-provided value |
