| remoteflowsource/srv/service1.js:6:29:6:31 | req |
| remoteflowsource/srv/service2.js:5:27:5:29 | msg |
