| conditionalstatements.js:1:1:1:32 | cond && ... eBranch | conditionalstatements.js:1:23:1:32 | elseBranch |
| conditionalstatements.js:1:1:1:33 | cond && ... Branch; | conditionalstatements.js:1:23:1:32 | elseBranch |
| conditionalstatements.js:2:1:2:33 | !cond & ... eBranch | conditionalstatements.js:2:24:2:33 | elseBranch |
| conditionalstatements.js:2:1:2:34 | !cond & ... Branch; | conditionalstatements.js:2:24:2:33 | elseBranch |
| conditionalstatements.js:4:1:4:34 | (cond & ... eBranch | conditionalstatements.js:4:25:4:34 | elseBranch |
| conditionalstatements.js:4:1:4:35 | (cond & ... Branch; | conditionalstatements.js:4:25:4:34 | elseBranch |
| conditionalstatements.js:5:1:5:35 | (!cond  ... eBranch | conditionalstatements.js:5:26:5:35 | elseBranch |
| conditionalstatements.js:5:1:5:36 | (!cond  ... Branch; | conditionalstatements.js:5:26:5:35 | elseBranch |
| conditionalstatements.js:10:1:10:18 | cond \|\| elseBranch | conditionalstatements.js:10:9:10:18 | elseBranch |
| conditionalstatements.js:10:1:10:19 | cond \|\| elseBranch; | conditionalstatements.js:10:9:10:18 | elseBranch |
| conditionalstatements.js:11:1:11:19 | !cond \|\| elseBranch | conditionalstatements.js:11:10:11:19 | elseBranch |
| conditionalstatements.js:11:1:11:20 | !cond \|\| elseBranch; | conditionalstatements.js:11:10:11:19 | elseBranch |
| conditionalstatements.js:13:1:13:77 | cond1 & ... hPart2) | conditionalstatements.js:13:42:13:77 | (elseBr ... hPart2) |
| conditionalstatements.js:13:1:13:78 | cond1 & ... Part2); | conditionalstatements.js:13:42:13:77 | (elseBr ... hPart2) |
| conditionalstatements.js:13:43:13:76 | elseBra ... chPart2 | conditionalstatements.js:13:62:13:76 | elseBranchPart2 |
| conditionalstatements.js:14:1:14:78 | !cond1  ... hPart2) | conditionalstatements.js:14:43:14:78 | (elseBr ... hPart2) |
| conditionalstatements.js:14:1:14:79 | !cond1  ... Part2); | conditionalstatements.js:14:43:14:78 | (elseBr ... hPart2) |
| conditionalstatements.js:14:44:14:77 | elseBra ... chPart2 | conditionalstatements.js:14:63:14:77 | elseBranchPart2 |
| conditionalstatements.js:15:1:15:78 | cond1 & ... hPart2) | conditionalstatements.js:15:43:15:78 | (elseBr ... hPart2) |
| conditionalstatements.js:15:1:15:79 | cond1 & ... Part2); | conditionalstatements.js:15:43:15:78 | (elseBr ... hPart2) |
| conditionalstatements.js:15:44:15:77 | elseBra ... chPart2 | conditionalstatements.js:15:63:15:77 | elseBranchPart2 |
| conditionalstatements.js:16:1:16:78 | cond1 & ... hPart2) | conditionalstatements.js:16:43:16:78 | (elseBr ... hPart2) |
| conditionalstatements.js:16:1:16:79 | cond1 & ... Part2); | conditionalstatements.js:16:43:16:78 | (elseBr ... hPart2) |
| conditionalstatements.js:16:44:16:77 | elseBra ... chPart2 | conditionalstatements.js:16:63:16:77 | elseBranchPart2 |
| conditionalstatements.js:18:1:18:79 | (cond1  ... hPart2) | conditionalstatements.js:18:44:18:79 | (elseBr ... hPart2) |
| conditionalstatements.js:18:1:18:80 | (cond1  ... Part2); | conditionalstatements.js:18:44:18:79 | (elseBr ... hPart2) |
| conditionalstatements.js:18:45:18:78 | elseBra ... chPart2 | conditionalstatements.js:18:64:18:78 | elseBranchPart2 |
| conditionalstatements.js:19:1:19:80 | !(cond1 ... hPart2) | conditionalstatements.js:19:45:19:80 | (elseBr ... hPart2) |
| conditionalstatements.js:19:1:19:81 | !(cond1 ... Part2); | conditionalstatements.js:19:45:19:80 | (elseBr ... hPart2) |
| conditionalstatements.js:19:46:19:79 | elseBra ... chPart2 | conditionalstatements.js:19:65:19:79 | elseBranchPart2 |
| conditionalstatements.js:21:1:21:58 | (cond1  ... chPart1 | conditionalstatements.js:21:44:21:58 | elseBranchPart1 |
| conditionalstatements.js:21:1:21:77 | (cond1  ... chPart2 | conditionalstatements.js:21:63:21:77 | elseBranchPart2 |
| conditionalstatements.js:21:1:21:78 | (cond1  ... hPart2; | conditionalstatements.js:21:63:21:77 | elseBranchPart2 |
| conditionalstatements.js:22:1:22:59 | (!cond1 ... chPart1 | conditionalstatements.js:22:45:22:59 | elseBranchPart1 |
| conditionalstatements.js:22:1:22:78 | (!cond1 ... chPart2 | conditionalstatements.js:22:64:22:78 | elseBranchPart2 |
| conditionalstatements.js:22:1:22:79 | (!cond1 ... hPart2; | conditionalstatements.js:22:64:22:78 | elseBranchPart2 |
| conditionalstatements.js:23:1:23:59 | (cond1  ... chPart1 | conditionalstatements.js:23:45:23:59 | elseBranchPart1 |
| conditionalstatements.js:23:1:23:78 | (cond1  ... chPart2 | conditionalstatements.js:23:64:23:78 | elseBranchPart2 |
| conditionalstatements.js:23:1:23:79 | (cond1  ... hPart2; | conditionalstatements.js:23:64:23:78 | elseBranchPart2 |
| conditionalstatements.js:24:1:24:59 | (cond1  ... chPart1 | conditionalstatements.js:24:45:24:59 | elseBranchPart1 |
| conditionalstatements.js:24:1:24:78 | (cond1  ... chPart2 | conditionalstatements.js:24:64:24:78 | elseBranchPart2 |
| conditionalstatements.js:24:1:24:79 | (cond1  ... hPart2; | conditionalstatements.js:24:64:24:78 | elseBranchPart2 |
| conditionalstatements.js:25:1:25:60 | ((cond1 ... chPart1 | conditionalstatements.js:25:46:25:60 | elseBranchPart1 |
| conditionalstatements.js:25:1:25:79 | ((cond1 ... chPart2 | conditionalstatements.js:25:65:25:79 | elseBranchPart2 |
| conditionalstatements.js:25:1:25:80 | ((cond1 ... hPart2; | conditionalstatements.js:25:65:25:79 | elseBranchPart2 |
| conditionalstatements.js:27:1:27:77 | cond1 & ... hPart2) | conditionalstatements.js:27:42:27:77 | (elseBr ... hPart2) |
| conditionalstatements.js:27:1:27:78 | cond1 & ... Part2); | conditionalstatements.js:27:42:27:77 | (elseBr ... hPart2) |
| conditionalstatements.js:27:43:27:76 | elseBra ... chPart2 | conditionalstatements.js:27:62:27:76 | elseBranchPart2 |
| conditionalstatements.js:28:1:28:78 | !cond1  ... hPart2) | conditionalstatements.js:28:43:28:78 | (elseBr ... hPart2) |
| conditionalstatements.js:28:1:28:79 | !cond1  ... Part2); | conditionalstatements.js:28:43:28:78 | (elseBr ... hPart2) |
| conditionalstatements.js:28:44:28:77 | elseBra ... chPart2 | conditionalstatements.js:28:63:28:77 | elseBranchPart2 |
| conditionalstatements.js:29:1:29:78 | cond1 & ... hPart2) | conditionalstatements.js:29:43:29:78 | (elseBr ... hPart2) |
| conditionalstatements.js:29:1:29:79 | cond1 & ... Part2); | conditionalstatements.js:29:43:29:78 | (elseBr ... hPart2) |
| conditionalstatements.js:29:44:29:77 | elseBra ... chPart2 | conditionalstatements.js:29:63:29:77 | elseBranchPart2 |
| conditionalstatements.js:30:1:30:79 | cond1 & ... hPart2) | conditionalstatements.js:30:44:30:79 | (elseBr ... hPart2) |
| conditionalstatements.js:30:1:30:80 | cond1 & ... Part2); | conditionalstatements.js:30:44:30:79 | (elseBr ... hPart2) |
| conditionalstatements.js:30:45:30:78 | elseBra ... chPart2 | conditionalstatements.js:30:64:30:78 | elseBranchPart2 |
| conditionalstatements.js:31:1:31:80 | !(cond1 ... hPart2) | conditionalstatements.js:31:45:31:80 | (elseBr ... hPart2) |
| conditionalstatements.js:31:1:31:81 | !(cond1 ... Part2); | conditionalstatements.js:31:45:31:80 | (elseBr ... hPart2) |
| conditionalstatements.js:31:46:31:79 | elseBra ... chPart2 | conditionalstatements.js:31:65:31:79 | elseBranchPart2 |
| conditionalstatements.js:33:1:33:63 | (cond & ... eBranch | conditionalstatements.js:33:54:33:63 | elseBranch |
| conditionalstatements.js:33:1:33:64 | (cond & ... Branch; | conditionalstatements.js:33:54:33:63 | elseBranch |
| conditionalstatements.js:33:11:33:47 | (cond1  ... Branch1 | conditionalstatements.js:33:37:33:47 | elseBranch1 |
| conditionalstatements.js:34:1:34:64 | (!cond  ... eBranch | conditionalstatements.js:34:55:34:64 | elseBranch |
| conditionalstatements.js:34:1:34:65 | (!cond  ... Branch; | conditionalstatements.js:34:55:34:64 | elseBranch |
| conditionalstatements.js:34:12:34:48 | (cond1  ... Branch1 | conditionalstatements.js:34:38:34:48 | elseBranch1 |
| conditionalstatements.js:35:1:35:64 | !(cond  ... eBranch | conditionalstatements.js:35:55:35:64 | elseBranch |
| conditionalstatements.js:35:1:35:65 | !(cond  ... Branch; | conditionalstatements.js:35:55:35:64 | elseBranch |
| conditionalstatements.js:35:12:35:48 | (cond1  ... Branch1 | conditionalstatements.js:35:38:35:48 | elseBranch1 |
| conditionalstatements.js:37:1:37:61 | (cond & ... eBranch | conditionalstatements.js:37:52:37:61 | elseBranch |
| conditionalstatements.js:37:1:37:62 | (cond & ... Branch; | conditionalstatements.js:37:52:37:61 | elseBranch |
| conditionalstatements.js:37:11:37:45 | cond1 & ... Branch1 | conditionalstatements.js:37:35:37:45 | elseBranch1 |
| conditionalstatements.js:38:1:38:62 | (!cond  ... eBranch | conditionalstatements.js:38:53:38:62 | elseBranch |
| conditionalstatements.js:38:1:38:63 | (!cond  ... Branch; | conditionalstatements.js:38:53:38:62 | elseBranch |
| conditionalstatements.js:38:12:38:46 | cond1 & ... Branch1 | conditionalstatements.js:38:36:38:46 | elseBranch1 |
| conditionalstatements.js:39:1:39:62 | !(cond  ... eBranch | conditionalstatements.js:39:53:39:62 | elseBranch |
| conditionalstatements.js:39:1:39:63 | !(cond  ... Branch; | conditionalstatements.js:39:53:39:62 | elseBranch |
| conditionalstatements.js:39:12:39:46 | cond1 & ... Branch1 | conditionalstatements.js:39:36:39:46 | elseBranch1 |
