nodes
edges
#select
| sink.js:12:31:12:34 | code | code |
| sink.js:15:52:15:55 | code | code |
| sink.js:17:24:17:27 | code | code |
| sink.js:19:25:19:28 | code | code |
| sink.js:23:22:23:25 | code | code |
| sink.js:27:18:27:21 | code | code |
| sink.js:29:27:29:30 | code | code |
| sink.js:31:34:31:37 | code | code |
| sink.js:33:21:33:24 | code | code |
| sink.js:35:21:35:24 | code | code |
| sink.js:37:23:37:26 | code | code |
