nodes
| webapp/controller/app.controller.js:9:17:9:27 | input: null |
| webapp/controller/app.controller.js:9:17:9:27 | input: null |
| webapp/controller/app.controller.js:9:17:9:27 | input: null |
edges
| webapp/controller/app.controller.js:9:17:9:27 | input: null | webapp/controller/app.controller.js:9:17:9:27 | input: null |
#select
| webapp/view/app.view.json:13:15:13:24 | /input | webapp/controller/app.controller.js:9:17:9:27 | input: null | webapp/controller/app.controller.js:9:17:9:27 | input: null | XSS vulnerability due to $@. | webapp/view/app.view.json:9:13:9:22 | /input | user-provided value |
