| webapp/controller/App.controller.js:21:19:21:65 | event.g ... roperty | webapp/controller/App.controller.js:19:17:22:17 | bundle. ...       ) |
| webapp/controller/App.controller.js:39:19:39:65 | event.g ... roperty | webapp/controller/App.controller.js:37:17:40:17 | bundle. ...       ) |
