nodes
| webapp/controller/app.controller.js:9:17:9:27 | input: null |
| webapp/view/app.view.json:9:13:9:22 | "value": "{/input}" |
| webapp/view/app.view.json:13:15:13:24 | "content": "{/input}" |
edges
| webapp/controller/app.controller.js:9:17:9:27 | input: null | webapp/controller/app.controller.js:9:17:9:27 | input: null |
| webapp/controller/app.controller.js:9:17:9:27 | input: null | webapp/view/app.view.json:9:13:9:22 | "value": "{/input}" |
| webapp/controller/app.controller.js:9:17:9:27 | input: null | webapp/view/app.view.json:13:15:13:24 | "content": "{/input}" |
| webapp/controller/app.controller.js:11:26:11:45 | new JSONModel(oData) | webapp/view/app.view.json:13:15:13:24 | "content": "{/input}" |
| webapp/view/app.view.json:9:13:9:22 | "value": "{/input}" | webapp/controller/app.controller.js:9:17:9:27 | input: null |
| webapp/view/app.view.json:9:13:9:22 | "value": "{/input}" | webapp/controller/app.controller.js:11:26:11:45 | new JSONModel(oData) |
| webapp/view/app.view.json:13:15:13:24 | "content": "{/input}" | webapp/controller/app.controller.js:9:17:9:27 | input: null |
#select
| webapp/view/app.view.json:13:15:13:24 | "content": "{/input}" | webapp/view/app.view.json:9:13:9:22 | "value": "{/input}" | webapp/view/app.view.json:13:15:13:24 | "content": "{/input}" | XSS vulnerability due to $@. | webapp/view/app.view.json:9:13:9:22 | "value": "{/input}" | user-provided value |
